2026-09-27T20:26:14.020+00:00 TX a5040bb4 0B version
2026-09-27T20:26:14.080+00:00 RX a5050b30e5 0B version {"raw": "a5050b30e5", "label": "0B version", "kind": "short", "opcode": "0x0B", "frag_index": null, "checksum_ok": true, "declared_length": 5}
2026-09-27T20:26:14.081+00:00 TX a414d7012c40009033ff000000000000000000be D7 noop fragment
2026-09-27T20:26:14.081+00:00 TX a414d702000000000001001e1e4646000001005b D7 noop fragment
2026-09-27T20:26:14.081+00:00 TX a414d7031e1e4646000002000202000000000060 D7 noop fragment
2026-09-27T20:26:14.081+00:00 TX a414d7040a3c3c2a000000000a3c3c2a000000eb D7 noop fragment
2026-09-27T20:26:14.081+00:00 TX a414d705000a3c3c2a0000000000000000000040 D7 noop fragment
2026-09-27T20:26:14.081+00:00 TX a414d70600000000000000000000000000000095 D7 noop fragment
2026-09-27T20:26:14.081+00:00 TX a414d70700000000000000000000000000000096 D7 noop fragment
2026-09-27T20:26:14.081+00:00 TX a414d708000000000000000001020304050607b3 D7 noop fragment
2026-09-27T20:26:14.081+00:00 TX a414d70908090a0b0c0d0e0f1011121314151679 D7 noop fragment
2026-09-27T20:26:14.081+00:00 TX a40ed70a010d191a1b1c1d1e1f65 D7 noop fragment
2026-09-27T20:26:17.083+00:00 RX a505d70081 D7 response {"raw": "a505d70081", "label": "D7 response", "kind": "short", "opcode": "0xD7", "frag_index": null, "checksum_ok": true, "declared_length": 5}
2026-09-27T20:26:17.083+00:00 TX a504d67f D6 readback
2026-09-27T20:26:17.109+00:00 RX a414d6012c40009033ff000000000000000000bd D6 readback {"raw": "a414d6012c40009033ff000000000000000000bd", "label": "D6 readback", "kind": "fragment", "opcode": "0xD6", "frag_index": 1, "checksum_ok": true, "declared_length": 20}
2026-09-27T20:26:17.125+00:00 RX a414d602000000000001001e1e4646000001005a D6 readback {"raw": "a414d602000000000001001e1e4646000001005a", "label": "D6 readback", "kind": "fragment", "opcode": "0xD6", "frag_index": 2, "checksum_ok": true, "declared_length": 20}
2026-09-27T20:26:17.141+00:00 RX a414d6031e1e464600000200020200000000005f D6 readback {"raw": "a414d6031e1e464600000200020200000000005f", "label": "D6 readback", "kind": "fragment", "opcode": "0xD6", "frag_index": 3, "checksum_ok": true, "declared_length": 20}
2026-09-27T20:26:17.155+00:00 RX a414d6040a3c3c2a000000000a3c3c2a000000ea D6 readback {"raw": "a414d6040a3c3c2a000000000a3c3c2a000000ea", "label": "D6 readback", "kind": "fragment", "opcode": "0xD6", "frag_index": 4, "checksum_ok": true, "declared_length": 20}
2026-09-27T20:26:17.177+00:00 RX a414d605000a3c3c2a000000000000000000003f D6 readback {"raw": "a414d605000a3c3c2a000000000000000000003f", "label": "D6 readback", "kind": "fragment", "opcode": "0xD6", "frag_index": 5, "checksum_ok": true, "declared_length": 20}
2026-09-27T20:26:17.192+00:00 RX a414d60600000000000000000000000000000094 D6 readback {"raw": "a414d60600000000000000000000000000000094", "label": "D6 readback", "kind": "fragment", "opcode": "0xD6", "frag_index": 6, "checksum_ok": true, "declared_length": 20}
2026-09-27T20:26:17.207+00:00 RX a414d60700000000000000000000000000000095 D6 readback {"raw": "a414d60700000000000000000000000000000095", "label": "D6 readback", "kind": "fragment", "opcode": "0xD6", "frag_index": 7, "checksum_ok": true, "declared_length": 20}
2026-09-27T20:26:17.230+00:00 RX a414d608000000000000000001020304050607b2 D6 readback {"raw": "a414d608000000000000000001020304050607b2", "label": "D6 readback", "kind": "fragment", "opcode": "0xD6", "frag_index": 8, "checksum_ok": true, "declared_length": 20}
2026-09-27T20:26:17.230+00:00 RX a414d60908090a0b0c0d0e0f1011121314151678 D6 readback {"raw": "a414d60908090a0b0c0d0e0f1011121314151678", "label": "D6 readback", "kind": "fragment", "opcode": "0xD6", "frag_index": 9, "checksum_ok": true, "declared_length": 20}
2026-09-27T20:26:17.252+00:00 RX a40ed60a010d191a1b1c1d1e1f64 D6 readback {"raw": "a40ed60a010d191a1b1c1d1e1f64", "label": "D6 readback", "kind": "fragment", "opcode": "0xD6", "frag_index": 10, "checksum_ok": true, "declared_length": 14}
